// Jest Snapshot v1, https://goo.gl/fbAQLP

exports[`Should render expense list with empty message 1`] = `ShallowWrapper {}`;

exports[`Should render expense list with expenses 1`] = `ShallowWrapper {}`;
