// Jest Snapshot v1, https://goo.gl/fbAQLP

exports[`Should render Header correctly 1`] = `
<header>
  <h1>
    Expensify
  </h1>
  <h3>
    <Link
      to="/"
    >
       Dashboard
    </Link>
  </h3>
  <h3>
    <Link
      to="/create"
    >
       Create Expense
    </Link>
  </h3>
  <h3>
    <Link
      to="/edit/:id"
    >
       Edit Expense
    </Link>
  </h3>
  <h3>
    <Link
      to="/help"
    >
       Get Help
    </Link>
  </h3>
  <NavLink
    activeClassName="is-active"
    exact={true}
    to="/"
  >
     Dashboard
  </NavLink>
  <NavLink
    activeClassName="is-active"
    to="/create"
  >
     Create Expense
  </NavLink>
  <NavLink
    activeClassName="is-active"
    to="/edit/:id"
  >
     Edit Expense
  </NavLink>
  <NavLink
    activeClassName="is-active"
    to="/help"
  >
     Get Help
  </NavLink>
</header>
`;

exports[`Should render Header correctly using react-test-renderer 1`] = `
<header>
  <h1>
    Expensify
  </h1>
  <h3>
    <Link
      to="/"
    >
       Dashboard
    </Link>
  </h3>
  <h3>
    <Link
      to="/create"
    >
       Create Expense
    </Link>
  </h3>
  <h3>
    <Link
      to="/edit/:id"
    >
       Edit Expense
    </Link>
  </h3>
  <h3>
    <Link
      to="/help"
    >
       Get Help
    </Link>
  </h3>
  <NavLink
    activeClassName="is-active"
    exact={true}
    to="/"
  >
     Dashboard
  </NavLink>
  <NavLink
    activeClassName="is-active"
    to="/create"
  >
     Create Expense
  </NavLink>
  <NavLink
    activeClassName="is-active"
    to="/edit/:id"
  >
     Edit Expense
  </NavLink>
  <NavLink
    activeClassName="is-active"
    to="/help"
  >
     Get Help
  </NavLink>
</header>
`;
